// Jest Snapshot v1, https://goo.gl/fbAQLP

exports[`should match the snapshot containing tags and spending 1`] = `
<div>
  <h1>
    Cash Graph Dashboard
  </h1>
  <main
    class="dashboard"
  >
    <h1>
      The tags are: 
    </h1>
    <p
      class="tags__loading"
    >
      Loading...
    </p>
    <h1>
      Spending ... 
    </h1>
    <p
      class="spending__loading"
    >
      Loading Spending
    </p>
  </main>
</div>
`;
